python main.py --dataset celeba --data_dir data/celeba_hq_256 --epochs 200 --use_ema --base_channels 64 --image_size 128 --batch_size 4 --accum_steps 16 --use_scheduler --noise_scheduler cosine
Using device: mps
Noise scheduler: cosine
Model parameters: 8,952,067
EMA enabled (decay=0.999)
Scheduler enabled: CosineAnnealingLR(T_max=200, eta_min=1e-06)
Dataset: celeba — 2700 images, 675 batches/epoch

Epoch 1 — Average Loss: 0.298414 LR: 0.00020000
Epoch 2 — Average Loss: 0.082794 LR: 0.00019999
Epoch 3 — Average Loss: 0.067596 LR: 0.00019995
Epoch 4 — Average Loss: 0.058203 LR: 0.00019989
Epoch 5 — Average Loss: 0.053727 LR: 0.00019980
Epoch 6 — Average Loss: 0.046494 LR: 0.00019969
Epoch 7 — Average Loss: 0.042763 LR: 0.00019956
Epoch 8 — Average Loss: 0.039843 LR: 0.00019940
Epoch 9 — Average Loss: 0.037502 LR: 0.00019922
Epoch 10 — Average Loss: 0.036391 LR: 0.00019901
Epoch 11 — Average Loss: 0.034752 LR: 0.00019877
Epoch 12 — Average Loss: 0.032060 LR: 0.00019852
Epoch 13 — Average Loss: 0.029579 LR: 0.00019824
Epoch 14 — Average Loss: 0.030971 LR: 0.00019793
Epoch 15 — Average Loss: 0.031274 LR: 0.00019760
Epoch 16 — Average Loss: 0.030902 LR: 0.00019725
Epoch 17 — Average Loss: 0.030948 LR: 0.00019687
Epoch 18 — Average Loss: 0.029195 LR: 0.00019647
Epoch 19 — Average Loss: 0.029916 LR: 0.00019605
Epoch 20 — Average Loss: 0.029514 LR: 0.00019560
Epoch 21 — Average Loss: 0.029293 LR: 0.00019513
Epoch 22 — Average Loss: 0.027043 LR: 0.00019464
Epoch 23 — Average Loss: 0.026916 LR: 0.00019412
Epoch 24 — Average Loss: 0.025392 LR: 0.00019358
Epoch 25 — Average Loss: 0.028304 LR: 0.00019301
Epoch 26 — Average Loss: 0.028529 LR: 0.00019243
Epoch 27 — Average Loss: 0.025961 LR: 0.00019182
Epoch 28 — Average Loss: 0.029357 LR: 0.00019118
Epoch 29 — Average Loss: 0.025050 LR: 0.00019053
Epoch 30 — Average Loss: 0.026833 LR: 0.00018985
Epoch 31 — Average Loss: 0.025760 LR: 0.00018916
Epoch 32 — Average Loss: 0.026392 LR: 0.00018843
Epoch 33 — Average Loss: 0.024518 LR: 0.00018769
Epoch 34 — Average Loss: 0.026453 LR: 0.00018693
Epoch 35 — Average Loss: 0.025078 LR: 0.00018614
Epoch 36 — Average Loss: 0.027328 LR: 0.00018534
Epoch 37 — Average Loss: 0.024815 LR: 0.00018451
Epoch 38 — Average Loss: 0.025871 LR: 0.00018366
Epoch 39 — Average Loss: 0.025241 LR: 0.00018279
Epoch 40 — Average Loss: 0.025095 LR: 0.00018191
Epoch 41 — Average Loss: 0.026162 LR: 0.00018100
Epoch 42 — Average Loss: 0.025623 LR: 0.00018007
Epoch 43 — Average Loss: 0.027189 LR: 0.00017912
Epoch 44 — Average Loss: 0.024828 LR: 0.00017815
Epoch 45 — Average Loss: 0.024568 LR: 0.00017717
Epoch 46 — Average Loss: 0.025095 LR: 0.00017616
Epoch 47 — Average Loss: 0.025833 LR: 0.00017514
Epoch 48 — Average Loss: 0.025727 LR: 0.00017409
Epoch 49 — Average Loss: 0.024207 LR: 0.00017303
Epoch 50 — Average Loss: 0.025320 LR: 0.00017195
Epoch 51 — Average Loss: 0.024442 LR: 0.00017086
Epoch 52 — Average Loss: 0.024758 LR: 0.00016974
Epoch 53 — Average Loss: 0.022603 LR: 0.00016861
Epoch 54 — Average Loss: 0.022561 LR: 0.00016746
Epoch 55 — Average Loss: 0.024397 LR: 0.00016630
Epoch 56 — Average Loss: 0.024955 LR: 0.00016512
Epoch 57 — Average Loss: 0.022791 LR: 0.00016392
Epoch 58 — Average Loss: 0.024089 LR: 0.00016271
Epoch 59 — Average Loss: 0.024511 LR: 0.00016148
Epoch 60 — Average Loss: 0.022527 LR: 0.00016024
Epoch 61 — Average Loss: 0.024255 LR: 0.00015898
Epoch 62 — Average Loss: 0.023157 LR: 0.00015771
Epoch 63 — Average Loss: 0.022599 LR: 0.00015643
Epoch 64 — Average Loss: 0.021438 LR: 0.00015513
Epoch 65 — Average Loss: 0.023366 LR: 0.00015381
Epoch 66 — Average Loss: 0.024052 LR: 0.00015249
Epoch 67 — Average Loss: 0.022947 LR: 0.00015115
Epoch 68 — Average Loss: 0.022532 LR: 0.00014980
Epoch 69 — Average Loss: 0.025040 LR: 0.00014843
Epoch 70 — Average Loss: 0.023057 LR: 0.00014706
Epoch 71 — Average Loss: 0.023649 LR: 0.00014567
Epoch 72 — Average Loss: 0.022561 LR: 0.00014427
Epoch 73 — Average Loss: 0.023886 LR: 0.00014287
Epoch 74 — Average Loss: 0.023635 LR: 0.00014145
Epoch 75 — Average Loss: 0.023531 LR: 0.00014002
Epoch 76 — Average Loss: 0.023841 LR: 0.00013858
Epoch 77 — Average Loss: 0.023432 LR: 0.00013713
Epoch 78 — Average Loss: 0.024134 LR: 0.00013567
Epoch 79 — Average Loss: 0.023517 LR: 0.00013420
Epoch 80 — Average Loss: 0.022095 LR: 0.00013273
Epoch 81 — Average Loss: 0.022648 LR: 0.00013125
Epoch 82 — Average Loss: 0.022384 LR: 0.00012976
Epoch 83 — Average Loss: 0.022658 LR: 0.00012826
Epoch 84 — Average Loss: 0.022025 LR: 0.00012676
Epoch 85 — Average Loss: 0.022994 LR: 0.00012524
Epoch 86 — Average Loss: 0.023625 LR: 0.00012373
Epoch 87 — Average Loss: 0.023554 LR: 0.00012221
Epoch 88 — Average Loss: 0.024227 LR: 0.00012068
Epoch 89 — Average Loss: 0.022910 LR: 0.00011914
Epoch 90 — Average Loss: 0.023485 LR: 0.00011761
Epoch 91 — Average Loss: 0.022985 LR: 0.00011607
Epoch 92 — Average Loss: 0.023489 LR: 0.00011452
Epoch 93 — Average Loss: 0.024884 LR: 0.00011297
Epoch 94 — Average Loss: 0.023542 LR: 0.00011142
Epoch 95 — Average Loss: 0.022256 LR: 0.00010986
Epoch 96 — Average Loss: 0.022009 LR: 0.00010831
Epoch 97 — Average Loss: 0.022043 LR: 0.00010675
Epoch 98 — Average Loss: 0.023624 LR: 0.00010519
Epoch 99 — Average Loss: 0.022056 LR: 0.00010363
Epoch 100 — Average Loss: 0.021840 LR: 0.00010206
Epoch 101 — Average Loss: 0.022225 LR: 0.00010050
Epoch 102 — Average Loss: 0.022831 LR: 0.00009894
Epoch 103 — Average Loss: 0.023184 LR: 0.00009737
Epoch 104 — Average Loss: 0.022286 LR: 0.00009581
Epoch 105 — Average Loss: 0.023248 LR: 0.00009425
Epoch 106 — Average Loss: 0.023152 LR: 0.00009269
Epoch 107 — Average Loss: 0.022928 LR: 0.00009114
Epoch 108 — Average Loss: 0.022400 LR: 0.00008958
Epoch 109 — Average Loss: 0.022303 LR: 0.00008803
Epoch 110 — Average Loss: 0.024638 LR: 0.00008648
Epoch 111 — Average Loss: 0.024137 LR: 0.00008493
Epoch 112 — Average Loss: 0.022363 LR: 0.00008339
Epoch 113 — Average Loss: 0.022533 LR: 0.00008186
Epoch 114 — Average Loss: 0.022615 LR: 0.00008032
Epoch 115 — Average Loss: 0.021807 LR: 0.00007879
Epoch 116 — Average Loss: 0.021942 LR: 0.00007727
Epoch 117 — Average Loss: 0.022595 LR: 0.00007576
Epoch 118 — Average Loss: 0.022360 LR: 0.00007424
Epoch 119 — Average Loss: 0.023763 LR: 0.00007274
Epoch 120 — Average Loss: 0.023160 LR: 0.00007124
Epoch 121 — Average Loss: 0.023644 LR: 0.00006975
Epoch 122 — Average Loss: 0.022957 LR: 0.00006827
Epoch 123 — Average Loss: 0.020584 LR: 0.00006680
Epoch 124 — Average Loss: 0.022086 LR: 0.00006533
Epoch 125 — Average Loss: 0.023193 LR: 0.00006387
Epoch 126 — Average Loss: 0.021321 LR: 0.00006242
Epoch 127 — Average Loss: 0.023091 LR: 0.00006098
Epoch 128 — Average Loss: 0.021816 LR: 0.00005955
Epoch 129 — Average Loss: 0.023364 LR: 0.00005813
Epoch 130 — Average Loss: 0.023443 LR: 0.00005673
Epoch 131 — Average Loss: 0.021461 LR: 0.00005533
Epoch 132 — Average Loss: 0.021611 LR: 0.00005394
Epoch 133 — Average Loss: 0.021859 LR: 0.00005257
Epoch 134 — Average Loss: 0.023835 LR: 0.00005120
Epoch 135 — Average Loss: 0.021637 LR: 0.00004985
Epoch 136 — Average Loss: 0.022085 LR: 0.00004851
Epoch 137 — Average Loss: 0.021686 LR: 0.00004719
Epoch 138 — Average Loss: 0.022060 LR: 0.00004587
Epoch 139 — Average Loss: 0.021050 LR: 0.00004457
Epoch 140 — Average Loss: 0.022231 LR: 0.00004329
Epoch 141 — Average Loss: 0.022488 LR: 0.00004202
Epoch 142 — Average Loss: 0.021018 LR: 0.00004076
Epoch 143 — Average Loss: 0.022727 LR: 0.00003952
Epoch 144 — Average Loss: 0.022334 LR: 0.00003829
Epoch 145 — Average Loss: 0.021336 LR: 0.00003708
Epoch 146 — Average Loss: 0.022713 LR: 0.00003588
Epoch 147 — Average Loss: 0.020866 LR: 0.00003470
Epoch 148 — Average Loss: 0.023657 LR: 0.00003354
Epoch 149 — Average Loss: 0.022407 LR: 0.00003239
Epoch 150 — Average Loss: 0.022490 LR: 0.00003126
Epoch 151 — Average Loss: 0.020273 LR: 0.00003014
Epoch 152 — Average Loss: 0.022396 LR: 0.00002905
Epoch 153 — Average Loss: 0.022130 LR: 0.00002797
Epoch 154 — Average Loss: 0.021828 LR: 0.00002691
Epoch 155 — Average Loss: 0.021682 LR: 0.00002586
Epoch 156 — Average Loss: 0.022188 LR: 0.00002484
Epoch 157 — Average Loss: 0.023375 LR: 0.00002383
Epoch 158 — Average Loss: 0.022001 LR: 0.00002285
Epoch 159 — Average Loss: 0.020984 LR: 0.00002188
Epoch 160 — Average Loss: 0.022483 LR: 0.00002093
Epoch 161 — Average Loss: 0.022058 LR: 0.00002000
Epoch 162 — Average Loss: 0.022578 LR: 0.00001909
Epoch 163 — Average Loss: 0.021053 LR: 0.00001821
Epoch 164 — Average Loss: 0.021787 LR: 0.00001734
Epoch 165 — Average Loss: 0.021489 LR: 0.00001649
Epoch 166 — Average Loss: 0.023636 LR: 0.00001566
Epoch 167 — Average Loss: 0.022429 LR: 0.00001486
Epoch 168 — Average Loss: 0.021536 LR: 0.00001407
Epoch 169 — Average Loss: 0.023174 LR: 0.00001331
Epoch 170 — Average Loss: 0.022251 LR: 0.00001257
Epoch 171 — Average Loss: 0.020780 LR: 0.00001184
Epoch 172 — Average Loss: 0.020833 LR: 0.00001115
Epoch 173 — Average Loss: 0.021946 LR: 0.00001047
Epoch 174 — Average Loss: 0.024415 LR: 0.00000982
Epoch 175 — Average Loss: 0.022349 LR: 0.00000918
Epoch 176 — Average Loss: 0.022584 LR: 0.00000857
Epoch 177 — Average Loss: 0.021396 LR: 0.00000799
Epoch 178 — Average Loss: 0.022214 LR: 0.00000742
Epoch 179 — Average Loss: 0.022051 LR: 0.00000688
Epoch 180 — Average Loss: 0.022297 LR: 0.00000636
Epoch 181 — Average Loss: 0.020642 LR: 0.00000587
Epoch 182 — Average Loss: 0.021351 LR: 0.00000540
Epoch 183 — Average Loss: 0.021680 LR: 0.00000495
Epoch 184 — Average Loss: 0.021937 LR: 0.00000453
Epoch 185 — Average Loss: 0.020950 LR: 0.00000413
Epoch 186 — Average Loss: 0.022434 LR: 0.00000375
Epoch 187 — Average Loss: 0.022012 LR: 0.00000340
Epoch 188 — Average Loss: 0.021959 LR: 0.00000307
Epoch 189 — Average Loss: 0.021389 LR: 0.00000276
Epoch 190 — Average Loss: 0.021282 LR: 0.00000248
Epoch 191 — Average Loss: 0.022951 LR: 0.00000223
Epoch 192 — Average Loss: 0.021165 LR: 0.00000199
Epoch 193 — Average Loss: 0.022324 LR: 0.00000178
Epoch 194 — Average Loss: 0.021296 LR: 0.00000160
Epoch 195 — Average Loss: 0.023094 LR: 0.00000144
Epoch 196 — Average Loss: 0.021613 LR: 0.00000131
Epoch 197 — Average Loss: 0.022149 LR: 0.00000120
Epoch 198 — Average Loss: 0.022130 LR: 0.00000111
Epoch 199 — Average Loss: 0.021675 LR: 0.00000105
Epoch 200 — Average Loss: 0.022332 LR: 0.00000101
  Saved samples to logs/samples_epoch_200.png
  Saved checkpoint to checkpoints/model_epoch_200.pt
Saved training log to logs/training_log.json
Training complete.