Using device: cuda
Model parameters: 8,952,067
Dataset: celeba — 2700 images, 2700 batches/epoch
Epoch 1 — Average Loss: 0.034447
Epoch 2 — Average Loss: 0.018675
  Saved samples to logs/samples_epoch_2.png
  Saved checkpoint to checkpoints/model_epoch_2.pt
Epoch 3 — Average Loss: 0.017732
Epoch 4 — Average Loss: 0.015608
  Saved samples to logs/samples_epoch_4.png
  Saved checkpoint to checkpoints/model_epoch_4.pt
Epoch 5 — Average Loss: 0.014373
Epoch 6 — Average Loss: 0.016393
  Saved samples to logs/samples_epoch_6.png
  Saved checkpoint to checkpoints/model_epoch_6.pt
Epoch 7 — Average Loss: 0.014641
Epoch 8 — Average Loss: 0.015034
  Saved samples to logs/samples_epoch_8.png
  Saved checkpoint to checkpoints/model_epoch_8.pt
Epoch 9 — Average Loss: 0.013849
Epoch 10 — Average Loss: 0.013970
  Saved samples to logs/samples_epoch_10.png
  Saved checkpoint to checkpoints/model_epoch_10.pt
Epoch 11 — Average Loss: 0.014589
Epoch 12 — Average Loss: 0.013578
  Saved samples to logs/samples_epoch_12.png
  Saved checkpoint to checkpoints/model_epoch_12.pt
Epoch 13 — Average Loss: 0.013749
Epoch 14 — Average Loss: 0.012780
  Saved samples to logs/samples_epoch_14.png
  Saved checkpoint to checkpoints/model_epoch_14.pt
Epoch 15 — Average Loss: 0.013151
Epoch 16 — Average Loss: 0.014061
  Saved samples to logs/samples_epoch_16.png
  Saved checkpoint to checkpoints/model_epoch_16.pt
Epoch 17 — Average Loss: 0.013158
Epoch 18 — Average Loss: 0.013843
  Saved samples to logs/samples_epoch_18.png
  Saved checkpoint to checkpoints/model_epoch_18.pt
Epoch 19 — Average Loss: 0.012643
Epoch 20 — Average Loss: 0.012643
  Saved samples to logs/samples_epoch_20.png
  Saved checkpoint to checkpoints/model_epoch_20.pt
Saved training log to logs/training_log.json
Training complete.
