Using device: cuda
Model parameters: 19,545,219
Dataset: celeba — 2700 images, 2700 batches/epoch
Epoch 1 — Average Loss: 0.032420
Epoch 2 — Average Loss: 0.017658
  Saved samples to logs/samples_epoch_2.png
  Saved checkpoint to checkpoints/model_epoch_2.pt
Epoch 3 — Average Loss: 0.019104
Epoch 4 — Average Loss: 0.015594
  Saved samples to logs/samples_epoch_4.png
  Saved checkpoint to checkpoints/model_epoch_4.pt
Epoch 5 — Average Loss: 0.016475
Epoch 6 — Average Loss: 0.014722
  Saved samples to logs/samples_epoch_6.png
  Saved checkpoint to checkpoints/model_epoch_6.pt
Epoch 7 — Average Loss: 0.015921
Epoch 8 — Average Loss: 0.013268
  Saved samples to logs/samples_epoch_8.png
  Saved checkpoint to checkpoints/model_epoch_8.pt
Epoch 9 — Average Loss: 0.014816
Epoch 10 — Average Loss: 0.012766
  Saved samples to logs/samples_epoch_10.png
  Saved checkpoint to checkpoints/model_epoch_10.pt
Epoch 11 — Average Loss: 0.013200
Epoch 12 — Average Loss: 0.013758
  Saved samples to logs/samples_epoch_12.png
  Saved checkpoint to checkpoints/model_epoch_12.pt
Epoch 13 — Average Loss: 0.012784
Epoch 14 — Average Loss: 0.012827
  Saved samples to logs/samples_epoch_14.png
  Saved checkpoint to checkpoints/model_epoch_14.pt
Epoch 15 — Average Loss: 0.014182
Epoch 16 — Average Loss: 0.012188
  Saved samples to logs/samples_epoch_16.png
  Saved checkpoint to checkpoints/model_epoch_16.pt
Epoch 17 — Average Loss: 0.012368
Epoch 18 — Average Loss: 0.012264
  Saved samples to logs/samples_epoch_18.png
  Saved checkpoint to checkpoints/model_epoch_18.pt
Epoch 19 — Average Loss: 0.012069
Epoch 20 — Average Loss: 0.012055
  Saved samples to logs/samples_epoch_20.png
  Saved checkpoint to checkpoints/model_epoch_20.pt
Saved training log to logs/training_log.json
Training complete.
