Using device: cuda
Loaded checkpoint: experiments/expC_faces_img128_bs1_ch32_ep20/checkpoints/model_epoch_20.pt (epoch 20)
Generating batch of 16 images (16/300)...
Generating batch of 16 images (32/300)...
Generating batch of 16 images (48/300)...
Generating batch of 16 images (64/300)...
Generating batch of 16 images (80/300)...
Generating batch of 16 images (96/300)...
Generating batch of 16 images (112/300)...
Generating batch of 16 images (128/300)...
Generating batch of 16 images (144/300)...
Generating batch of 16 images (160/300)...
Generating batch of 16 images (176/300)...
Generating batch of 16 images (192/300)...
Generating batch of 16 images (208/300)...
Generating batch of 16 images (224/300)...
Generating batch of 16 images (240/300)...
Generating batch of 16 images (256/300)...
Generating batch of 16 images (272/300)...
Generating batch of 16 images (288/300)...
Generating batch of 12 images (300/300)...
Saved 300 images to generated/
Saved grid preview to generated/grid_sample.png
