Using device: cuda
Model parameters: 8,952,067
Dataset: celeba — 2700 images, 2700 batches/epoch
Epoch 1 — Average Loss: 0.042483
Epoch 2 — Average Loss: 0.028744
  Saved samples to logs/samples_epoch_2.png
  Saved checkpoint to checkpoints/model_epoch_2.pt
Epoch 3 — Average Loss: 0.027155
Epoch 4 — Average Loss: 0.023824
  Saved samples to logs/samples_epoch_4.png
  Saved checkpoint to checkpoints/model_epoch_4.pt
Epoch 5 — Average Loss: 0.024201
Epoch 6 — Average Loss: 0.022759
  Saved samples to logs/samples_epoch_6.png
  Saved checkpoint to checkpoints/model_epoch_6.pt
Epoch 7 — Average Loss: 0.024607
Epoch 8 — Average Loss: 0.022767
  Saved samples to logs/samples_epoch_8.png
  Saved checkpoint to checkpoints/model_epoch_8.pt
Epoch 9 — Average Loss: 0.022806
Epoch 10 — Average Loss: 0.022928
  Saved samples to logs/samples_epoch_10.png
  Saved checkpoint to checkpoints/model_epoch_10.pt
Epoch 11 — Average Loss: 0.019822
Epoch 12 — Average Loss: 0.020155
  Saved samples to logs/samples_epoch_12.png
  Saved checkpoint to checkpoints/model_epoch_12.pt
Epoch 13 — Average Loss: 0.021134
Epoch 14 — Average Loss: 0.019712
  Saved samples to logs/samples_epoch_14.png
  Saved checkpoint to checkpoints/model_epoch_14.pt
Epoch 15 — Average Loss: 0.020575
Epoch 16 — Average Loss: 0.020307
  Saved samples to logs/samples_epoch_16.png
  Saved checkpoint to checkpoints/model_epoch_16.pt
Epoch 17 — Average Loss: 0.020505
Epoch 18 — Average Loss: 0.019766
  Saved samples to logs/samples_epoch_18.png
  Saved checkpoint to checkpoints/model_epoch_18.pt
Epoch 19 — Average Loss: 0.019127
Epoch 20 — Average Loss: 0.019529
  Saved samples to logs/samples_epoch_20.png
  Saved checkpoint to checkpoints/model_epoch_20.pt
Saved training log to logs/training_log.json
Training complete.
