Using device: cuda
Model parameters: 2,459,011
Dataset: celeba — 2700 images, 2700 batches/epoch
Epoch 1 — Average Loss: 0.046944 — LR: 0.00020000
Epoch 2 — Average Loss: 0.021101 — LR: 0.00020000
Epoch 3 — Average Loss: 0.019126 — LR: 0.00020000
Epoch 4 — Average Loss: 0.016438 — LR: 0.00020000
Epoch 5 — Average Loss: 0.015971 — LR: 0.00020000
Epoch 6 — Average Loss: 0.014890 — LR: 0.00020000
Epoch 7 — Average Loss: 0.015314 — LR: 0.00020000
Epoch 8 — Average Loss: 0.014715 — LR: 0.00020000
Epoch 9 — Average Loss: 0.014538 — LR: 0.00020000
Epoch 10 — Average Loss: 0.014394 — LR: 0.00020000
  Saved samples to logs/samples_epoch_10.png
  Saved checkpoint to checkpoints/model_epoch_10.pt
Epoch 11 — Average Loss: 0.013403 — LR: 0.00020000
Epoch 12 — Average Loss: 0.013654 — LR: 0.00020000
Epoch 13 — Average Loss: 0.013509 — LR: 0.00020000
Epoch 14 — Average Loss: 0.015038 — LR: 0.00020000
Epoch 15 — Average Loss: 0.013494 — LR: 0.00020000
Epoch 16 — Average Loss: 0.013908 — LR: 0.00020000
Epoch 17 — Average Loss: 0.014251 — LR: 0.00020000
Epoch 18 — Average Loss: 0.013448 — LR: 0.00020000
Epoch 19 — Average Loss: 0.012575 — LR: 0.00020000
Epoch 20 — Average Loss: 0.013155 — LR: 0.00020000
  Saved samples to logs/samples_epoch_20.png
  Saved checkpoint to checkpoints/model_epoch_20.pt
Epoch 21 — Average Loss: 0.012910 — LR: 0.00020000
Epoch 22 — Average Loss: 0.013349 — LR: 0.00020000
Epoch 23 — Average Loss: 0.012945 — LR: 0.00020000
Epoch 24 — Average Loss: 0.012342 — LR: 0.00020000
Epoch 25 — Average Loss: 0.013220 — LR: 0.00020000
Epoch 26 — Average Loss: 0.012078 — LR: 0.00020000
Epoch 27 — Average Loss: 0.013134 — LR: 0.00020000
Epoch 28 — Average Loss: 0.012731 — LR: 0.00020000
Epoch 29 — Average Loss: 0.012972 — LR: 0.00020000
Epoch 30 — Average Loss: 0.013295 — LR: 0.00020000
  Saved samples to logs/samples_epoch_30.png
  Saved checkpoint to checkpoints/model_epoch_30.pt
Epoch 31 — Average Loss: 0.012888 — LR: 0.00020000
Epoch 32 — Average Loss: 0.011798 — LR: 0.00020000
Epoch 33 — Average Loss: 0.011735 — LR: 0.00020000
Epoch 34 — Average Loss: 0.013207 — LR: 0.00020000
Epoch 35 — Average Loss: 0.012591 — LR: 0.00020000
Epoch 36 — Average Loss: 0.012359 — LR: 0.00020000
Epoch 37 — Average Loss: 0.012186 — LR: 0.00020000
Epoch 38 — Average Loss: 0.013935 — LR: 0.00020000
Epoch 39 — Average Loss: 0.012045 — LR: 0.00020000
Epoch 40 — Average Loss: 0.012065 — LR: 0.00020000
  Saved samples to logs/samples_epoch_40.png
  Saved checkpoint to checkpoints/model_epoch_40.pt
Epoch 41 — Average Loss: 0.011482 — LR: 0.00020000
Epoch 42 — Average Loss: 0.011744 — LR: 0.00020000
Epoch 43 — Average Loss: 0.013982 — LR: 0.00020000
Epoch 44 — Average Loss: 0.012249 — LR: 0.00020000
Epoch 45 — Average Loss: 0.012362 — LR: 0.00020000
Epoch 46 — Average Loss: 0.012168 — LR: 0.00020000
Epoch 47 — Average Loss: 0.013183 — LR: 0.00020000
Epoch 48 — Average Loss: 0.012945 — LR: 0.00020000
Epoch 49 — Average Loss: 0.012350 — LR: 0.00020000
Epoch 50 — Average Loss: 0.013915 — LR: 0.00020000
  Saved samples to logs/samples_epoch_50.png
  Saved checkpoint to checkpoints/model_epoch_50.pt
Epoch 51 — Average Loss: 0.012683 — LR: 0.00020000
Epoch 52 — Average Loss: 0.012421 — LR: 0.00020000
Epoch 53 — Average Loss: 0.011415 — LR: 0.00020000
Epoch 54 — Average Loss: 0.013326 — LR: 0.00020000
Epoch 55 — Average Loss: 0.011646 — LR: 0.00020000
Epoch 56 — Average Loss: 0.013109 — LR: 0.00020000
Epoch 57 — Average Loss: 0.012511 — LR: 0.00020000
Epoch 58 — Average Loss: 0.010880 — LR: 0.00020000
Epoch 59 — Average Loss: 0.011570 — LR: 0.00020000
Epoch 60 — Average Loss: 0.011602 — LR: 0.00020000
  Saved samples to logs/samples_epoch_60.png
  Saved checkpoint to checkpoints/model_epoch_60.pt
Epoch 61 — Average Loss: 0.012609 — LR: 0.00020000
Epoch 62 — Average Loss: 0.012010 — LR: 0.00020000
Epoch 63 — Average Loss: 0.013054 — LR: 0.00020000
Epoch 64 — Average Loss: 0.012366 — LR: 0.00020000
Epoch 65 — Average Loss: 0.012527 — LR: 0.00020000
Epoch 66 — Average Loss: 0.011731 — LR: 0.00020000
Epoch 67 — Average Loss: 0.012452 — LR: 0.00020000
Epoch 68 — Average Loss: 0.012258 — LR: 0.00020000
Epoch 69 — Average Loss: 0.012055 — LR: 0.00020000
Epoch 70 — Average Loss: 0.011803 — LR: 0.00020000
  Saved samples to logs/samples_epoch_70.png
  Saved checkpoint to checkpoints/model_epoch_70.pt
Epoch 71 — Average Loss: 0.012274 — LR: 0.00020000
Epoch 72 — Average Loss: 0.011186 — LR: 0.00020000
Epoch 73 — Average Loss: 0.012343 — LR: 0.00020000
Epoch 74 — Average Loss: 0.011354 — LR: 0.00020000
Epoch 75 — Average Loss: 0.011988 — LR: 0.00020000
Epoch 76 — Average Loss: 0.012216 — LR: 0.00020000
Epoch 77 — Average Loss: 0.012103 — LR: 0.00020000
Epoch 78 — Average Loss: 0.010936 — LR: 0.00020000
Epoch 79 — Average Loss: 0.010996 — LR: 0.00020000
Epoch 80 — Average Loss: 0.011574 — LR: 0.00020000
  Saved samples to logs/samples_epoch_80.png
  Saved checkpoint to checkpoints/model_epoch_80.pt
Epoch 81 — Average Loss: 0.011713 — LR: 0.00020000
Epoch 82 — Average Loss: 0.011729 — LR: 0.00020000
Epoch 83 — Average Loss: 0.012046 — LR: 0.00020000
Epoch 84 — Average Loss: 0.012070 — LR: 0.00020000
Epoch 85 — Average Loss: 0.011555 — LR: 0.00020000
Epoch 86 — Average Loss: 0.012552 — LR: 0.00020000
Epoch 87 — Average Loss: 0.011887 — LR: 0.00020000
Epoch 88 — Average Loss: 0.012258 — LR: 0.00020000
Epoch 89 — Average Loss: 0.012846 — LR: 0.00020000
Epoch 90 — Average Loss: 0.011455 — LR: 0.00020000
  Saved samples to logs/samples_epoch_90.png
  Saved checkpoint to checkpoints/model_epoch_90.pt
Epoch 91 — Average Loss: 0.012097 — LR: 0.00020000
Epoch 92 — Average Loss: 0.011580 — LR: 0.00020000
Epoch 93 — Average Loss: 0.012208 — LR: 0.00020000
Epoch 94 — Average Loss: 0.011214 — LR: 0.00020000
Epoch 95 — Average Loss: 0.012501 — LR: 0.00020000
Epoch 96 — Average Loss: 0.011854 — LR: 0.00020000
Epoch 97 — Average Loss: 0.011179 — LR: 0.00020000
Epoch 98 — Average Loss: 0.011791 — LR: 0.00020000
Epoch 99 — Average Loss: 0.011906 — LR: 0.00020000
Epoch 100 — Average Loss: 0.012264 — LR: 0.00020000
  Saved samples to logs/samples_epoch_100.png
  Saved checkpoint to checkpoints/model_epoch_100.pt
Saved training log to logs/training_log.json
Training complete.
