Using device: cuda
Model parameters: 19,545,219
Resuming from checkpoint: experiments/expG_faces_img128_bs1_ch96_ep20/checkpoints/model_epoch_20.pt
  Resumed at epoch 20
Dataset: celeba — 2700 images, 2700 batches/epoch
Epoch 21 — Average Loss: 0.012798
Epoch 22 — Average Loss: 0.011310
Epoch 23 — Average Loss: 0.012952
Epoch 24 — Average Loss: 0.012239
Epoch 25 — Average Loss: 0.012341
  Saved samples to logs/samples_epoch_25.png
  Saved checkpoint to checkpoints/model_epoch_25.pt
Epoch 26 — Average Loss: 0.012291
Epoch 27 — Average Loss: 0.012200
Epoch 28 — Average Loss: 0.013031
Epoch 29 — Average Loss: 0.012824
Epoch 30 — Average Loss: 0.011451
  Saved samples to logs/samples_epoch_30.png
  Saved checkpoint to checkpoints/model_epoch_30.pt
Epoch 31 — Average Loss: 0.012605
Epoch 32 — Average Loss: 0.012338
Epoch 33 — Average Loss: 0.011857
Epoch 34 — Average Loss: 0.011586
Epoch 35 — Average Loss: 0.011372
  Saved samples to logs/samples_epoch_35.png
  Saved checkpoint to checkpoints/model_epoch_35.pt
Epoch 36 — Average Loss: 0.012698
Epoch 37 — Average Loss: 0.012804
Epoch 38 — Average Loss: 0.011953
Epoch 39 — Average Loss: 0.011508
Epoch 40 — Average Loss: 0.013263
  Saved samples to logs/samples_epoch_40.png
  Saved checkpoint to checkpoints/model_epoch_40.pt
Epoch 41 — Average Loss: 0.011613
Epoch 42 — Average Loss: 0.012819
Epoch 43 — Average Loss: 0.012223
Epoch 44 — Average Loss: 0.011882
Epoch 45 — Average Loss: 0.012317
  Saved samples to logs/samples_epoch_45.png
  Saved checkpoint to checkpoints/model_epoch_45.pt
Epoch 46 — Average Loss: 0.011789
Epoch 47 — Average Loss: 0.012061
Epoch 48 — Average Loss: 0.012467
Epoch 49 — Average Loss: 0.011862
Epoch 50 — Average Loss: 0.013049
  Saved samples to logs/samples_epoch_50.png
  Saved checkpoint to checkpoints/model_epoch_50.pt
Saved training log to logs/training_log.json
Training complete.
