Using device: cuda
Model parameters: 8,952,067
Resuming from checkpoint: experiments/expB_faces_img128_bs1_ch64_ep20/checkpoints/model_epoch_20.pt
  Resumed at epoch 20
Dataset: celeba — 2700 images, 2700 batches/epoch
Epoch 21 — Average Loss: 0.013706
Epoch 22 — Average Loss: 0.012628
Epoch 23 — Average Loss: 0.012565
Epoch 24 — Average Loss: 0.011959
Epoch 25 — Average Loss: 0.012439
  Saved samples to logs/samples_epoch_25.png
  Saved checkpoint to checkpoints/model_epoch_25.pt
Epoch 26 — Average Loss: 0.012434
Epoch 27 — Average Loss: 0.012075
Epoch 28 — Average Loss: 0.013327
Epoch 29 — Average Loss: 0.012089
Epoch 30 — Average Loss: 0.012693
  Saved samples to logs/samples_epoch_30.png
  Saved checkpoint to checkpoints/model_epoch_30.pt
Epoch 31 — Average Loss: 0.012636
Epoch 32 — Average Loss: 0.012084
Epoch 33 — Average Loss: 0.012693
Epoch 34 — Average Loss: 0.011363
Epoch 35 — Average Loss: 0.011697
  Saved samples to logs/samples_epoch_35.png
  Saved checkpoint to checkpoints/model_epoch_35.pt
Epoch 36 — Average Loss: 0.012782
Epoch 37 — Average Loss: 0.011520
Epoch 38 — Average Loss: 0.012876
Epoch 39 — Average Loss: 0.011613
Epoch 40 — Average Loss: 0.012087
  Saved samples to logs/samples_epoch_40.png
  Saved checkpoint to checkpoints/model_epoch_40.pt
Epoch 41 — Average Loss: 0.011809
Epoch 42 — Average Loss: 0.011769
Epoch 43 — Average Loss: 0.012741
Epoch 44 — Average Loss: 0.011241
Epoch 45 — Average Loss: 0.011637
  Saved samples to logs/samples_epoch_45.png
  Saved checkpoint to checkpoints/model_epoch_45.pt
Epoch 46 — Average Loss: 0.010892
Epoch 47 — Average Loss: 0.013150
Epoch 48 — Average Loss: 0.011665
Epoch 49 — Average Loss: 0.012905
Epoch 50 — Average Loss: 0.012115
  Saved samples to logs/samples_epoch_50.png
  Saved checkpoint to checkpoints/model_epoch_50.pt
Saved training log to logs/training_log.json
Training complete.
