Using device: cuda
Model parameters: 8,952,067
EMA enabled (decay=0.999)
Resuming from checkpoint: experiments/expF250_ema_faces_img128_bs1_ch64_ep250/checkpoints/model_epoch_250.pt
  Loaded EMA weights from checkpoint
  Resumed at epoch 250
Dataset: celeba — 2700 images, 2700 batches/epoch
Epoch 251 — Average Loss: 0.010973
Epoch 252 — Average Loss: 0.010951
Epoch 253 — Average Loss: 0.010911
Epoch 254 — Average Loss: 0.010728
Epoch 255 — Average Loss: 0.011323
Epoch 256 — Average Loss: 0.010034
Epoch 257 — Average Loss: 0.010935
Epoch 258 — Average Loss: 0.011397
Epoch 259 — Average Loss: 0.011591
Epoch 260 — Average Loss: 0.011078
  Saved samples to logs/samples_epoch_260.png
  Saved checkpoint to checkpoints/model_epoch_260.pt
Epoch 261 — Average Loss: 0.011346
Epoch 262 — Average Loss: 0.011411
Epoch 263 — Average Loss: 0.012115
Epoch 264 — Average Loss: 0.010289
Epoch 265 — Average Loss: 0.010601
Epoch 266 — Average Loss: 0.010935
Epoch 267 — Average Loss: 0.011829
Epoch 268 — Average Loss: 0.010810
Epoch 269 — Average Loss: 0.011088
Epoch 270 — Average Loss: 0.012151
  Saved samples to logs/samples_epoch_270.png
  Saved checkpoint to checkpoints/model_epoch_270.pt
Epoch 271 — Average Loss: 0.011558
Epoch 272 — Average Loss: 0.011869
Epoch 273 — Average Loss: 0.011927
Epoch 274 — Average Loss: 0.010494
Epoch 275 — Average Loss: 0.010589
Epoch 276 — Average Loss: 0.010634
Epoch 277 — Average Loss: 0.011503
Epoch 278 — Average Loss: 0.011547
Epoch 279 — Average Loss: 0.011035
Epoch 280 — Average Loss: 0.011097
  Saved samples to logs/samples_epoch_280.png
  Saved checkpoint to checkpoints/model_epoch_280.pt
Epoch 281 — Average Loss: 0.010788
Epoch 282 — Average Loss: 0.011252
Epoch 283 — Average Loss: 0.010413
Epoch 284 — Average Loss: 0.010402
Epoch 285 — Average Loss: 0.010555
Epoch 286 — Average Loss: 0.010963
Epoch 287 — Average Loss: 0.010451
Epoch 288 — Average Loss: 0.011160
Epoch 289 — Average Loss: 0.010519
Epoch 290 — Average Loss: 0.011099
  Saved samples to logs/samples_epoch_290.png
  Saved checkpoint to checkpoints/model_epoch_290.pt
Epoch 291 — Average Loss: 0.010994
Epoch 292 — Average Loss: 0.010996
Epoch 293 — Average Loss: 0.009982
Epoch 294 — Average Loss: 0.010071
Epoch 295 — Average Loss: 0.010730
Epoch 296 — Average Loss: 0.009630
Epoch 297 — Average Loss: 0.011724
Epoch 298 — Average Loss: 0.010756
Epoch 299 — Average Loss: 0.010057
Epoch 300 — Average Loss: 0.011618
  Saved samples to logs/samples_epoch_300.png
  Saved checkpoint to checkpoints/model_epoch_300.pt
Saved training log to logs/training_log.json
Training complete.
