Using device: cuda
Model parameters: 8,952,067
Resuming from checkpoint: experiments/expF_faces_img128_bs1_ch64_ep100/checkpoints/model_epoch_100.pt
 Resumed at epoch 100
Dataset: celeba — 2700 images, 2700 batches/epoch
Epoch 101 — Average Loss: 0.012665
Epoch 102 — Average Loss: 0.011272
Epoch 103 — Average Loss: 0.011259
Epoch 104 — Average Loss: 0.010673
Epoch 105 — Average Loss: 0.012060
Epoch 106 — Average Loss: 0.012695
Epoch 107 — Average Loss: 0.012045
Epoch 108 — Average Loss: 0.011227
Epoch 109 — Average Loss: 0.010693
Epoch 110 — Average Loss: 0.011442
  Saved samples to logs/samples_epoch_110.png
  Saved checkpoint to checkpoints/model_epoch_110.pt
Epoch 111 — Average Loss: 0.010882
Epoch 112 — Average Loss: 0.012209
Epoch 113 — Average Loss: 0.010362
Epoch 114 — Average Loss: 0.011612
Epoch 115 — Average Loss: 0.010809
Epoch 116 — Average Loss: 0.010744
Epoch 117 — Average Loss: 0.011555
Epoch 118 — Average Loss: 0.010771
Epoch 119 — Average Loss: 0.011847
Epoch 120 — Average Loss: 0.011174
  Saved samples to logs/samples_epoch_120.png
  Saved checkpoint to checkpoints/model_epoch_120.pt
Epoch 121 — Average Loss: 0.011927
Epoch 122 — Average Loss: 0.012066
Epoch 123 — Average Loss: 0.010229
Epoch 124 — Average Loss: 0.010777
Epoch 125 — Average Loss: 0.011474
Epoch 126 — Average Loss: 0.011017
Epoch 127 — Average Loss: 0.010985
Epoch 128 — Average Loss: 0.012337
Epoch 129 — Average Loss: 0.011937
Epoch 130 — Average Loss: 0.011016
  Saved samples to logs/samples_epoch_130.png
  Saved checkpoint to checkpoints/model_epoch_130.pt
Epoch 131 — Average Loss: 0.012068
Epoch 132 — Average Loss: 0.010780
Epoch 133 — Average Loss: 0.010810
Epoch 134 — Average Loss: 0.011426
Epoch 135 — Average Loss: 0.011987
Epoch 136 — Average Loss: 0.010842
Epoch 137 — Average Loss: 0.011196
Epoch 138 — Average Loss: 0.011591
Epoch 139 — Average Loss: 0.011572
Epoch 140 — Average Loss: 0.012389
  Saved samples to logs/samples_epoch_140.png
  Saved checkpoint to checkpoints/model_epoch_140.pt
Epoch 141 — Average Loss: 0.011221
Epoch 142 — Average Loss: 0.011130
Epoch 143 — Average Loss: 0.011273
Epoch 144 — Average Loss: 0.012152
Epoch 145 — Average Loss: 0.011570
Epoch 146 — Average Loss: 0.011944
Epoch 147 — Average Loss: 0.011727
Epoch 148 — Average Loss: 0.012350
Epoch 149 — Average Loss: 0.010685
Epoch 150 — Average Loss: 0.011247
  Saved samples to logs/samples_epoch_150.png
  Saved checkpoint to checkpoints/model_epoch_150.pt
Saved training log to logs/training_log.json
Training complete.
